  alberca.cpp
C:\Users\mardl\Desktop\proyectoGrafica_251\Alberca\AreaAlberca\AreaAlberca\alberca.cpp(125,30): warning C4244: 'inicializando': conversión de 'double' a 'GLfloat'; posible pérdida de datos
C:\Users\mardl\Desktop\proyectoGrafica_251\Alberca\AreaAlberca\AreaAlberca\alberca.cpp(151,27): warning C4244: '=': conversión de 'double' a 'T'; posible pérdida de datos
C:\Users\mardl\Desktop\proyectoGrafica_251\Alberca\AreaAlberca\AreaAlberca\alberca.cpp(151,27): warning C4244:         with
C:\Users\mardl\Desktop\proyectoGrafica_251\Alberca\AreaAlberca\AreaAlberca\alberca.cpp(151,27): warning C4244:         [
C:\Users\mardl\Desktop\proyectoGrafica_251\Alberca\AreaAlberca\AreaAlberca\alberca.cpp(151,27): warning C4244:             T=float
C:\Users\mardl\Desktop\proyectoGrafica_251\Alberca\AreaAlberca\AreaAlberca\alberca.cpp(151,27): warning C4244:         ]
C:\Users\mardl\Desktop\proyectoGrafica_251\Alberca\AreaAlberca\AreaAlberca\alberca.cpp(152,27): warning C4244: '=': conversión de 'double' a 'T'; posible pérdida de datos
C:\Users\mardl\Desktop\proyectoGrafica_251\Alberca\AreaAlberca\AreaAlberca\alberca.cpp(152,27): warning C4244:         with
C:\Users\mardl\Desktop\proyectoGrafica_251\Alberca\AreaAlberca\AreaAlberca\alberca.cpp(152,27): warning C4244:         [
C:\Users\mardl\Desktop\proyectoGrafica_251\Alberca\AreaAlberca\AreaAlberca\alberca.cpp(152,27): warning C4244:             T=float
C:\Users\mardl\Desktop\proyectoGrafica_251\Alberca\AreaAlberca\AreaAlberca\alberca.cpp(152,27): warning C4244:         ]
C:\Users\mardl\Desktop\proyectoGrafica_251\Alberca\AreaAlberca\AreaAlberca\alberca.cpp(153,27): warning C4244: '=': conversión de 'double' a 'T'; posible pérdida de datos
C:\Users\mardl\Desktop\proyectoGrafica_251\Alberca\AreaAlberca\AreaAlberca\alberca.cpp(153,27): warning C4244:         with
C:\Users\mardl\Desktop\proyectoGrafica_251\Alberca\AreaAlberca\AreaAlberca\alberca.cpp(153,27): warning C4244:         [
C:\Users\mardl\Desktop\proyectoGrafica_251\Alberca\AreaAlberca\AreaAlberca\alberca.cpp(153,27): warning C4244:             T=float
C:\Users\mardl\Desktop\proyectoGrafica_251\Alberca\AreaAlberca\AreaAlberca\alberca.cpp(153,27): warning C4244:         ]
C:\Users\mardl\Desktop\proyectoGrafica_251\Alberca\AreaAlberca\AreaAlberca\alberca.cpp(285,17): warning C4244: '=': conversión de 'double' a 'GLfloat'; posible pérdida de datos
C:\Users\mardl\Desktop\proyectoGrafica_251\Alberca\AreaAlberca\AreaAlberca\alberca.cpp(286,17): warning C4244: '=': conversión de 'double' a 'GLfloat'; posible pérdida de datos
C:\Users\mardl\Desktop\proyectoGrafica_251\Alberca\AreaAlberca\AreaAlberca\alberca.cpp(290,21): warning C4244: 'inicializando': conversión de 'double' a 'GLfloat'; posible pérdida de datos
C:\Users\mardl\Desktop\proyectoGrafica_251\Alberca\AreaAlberca\AreaAlberca\alberca.cpp(291,21): warning C4244: 'inicializando': conversión de 'double' a 'GLfloat'; posible pérdida de datos
C:\Users\mardl\Desktop\proyectoGrafica_251\Alberca\AreaAlberca\AreaAlberca\alberca.cpp(293,13): warning C4244: '=': conversión de 'double' a 'GLfloat'; posible pérdida de datos
C:\Users\mardl\Desktop\proyectoGrafica_251\Alberca\AreaAlberca\AreaAlberca\alberca.cpp(294,13): warning C4244: '=': conversión de 'double' a 'GLfloat'; posible pérdida de datos
  LINK : no se encontró C:\Users\mardl\Desktop\proyectoGrafica_251\Alberca\AreaAlberca\Debug\AreaAlberca.exe o no lo generó el último vínculo incremental; ejecutando vínculo completo
LINK : warning LNK4098: la biblioteca predeterminada'MSVCRT' entra en conflicto con otras bibliotecas; use la biblioteca /NODEFAULTLIB:biblioteca
soil2-debug.lib(etc1_utils.obj) : warning LNK4099: no se encontró PDB '' con 'soil2-debug.lib(etc1_utils.obj)' o en ''; se vinculará el objeto sin tener en cuenta información de depuración
soil2-debug.lib(image_DXT.obj) : warning LNK4099: no se encontró PDB '' con 'soil2-debug.lib(image_DXT.obj)' o en ''; se vinculará el objeto sin tener en cuenta información de depuración
soil2-debug.lib(image_helper.obj) : warning LNK4099: no se encontró PDB '' con 'soil2-debug.lib(image_helper.obj)' o en ''; se vinculará el objeto sin tener en cuenta información de depuración
soil2-debug.lib(SOIL2.obj) : warning LNK4099: no se encontró PDB '' con 'soil2-debug.lib(SOIL2.obj)' o en ''; se vinculará el objeto sin tener en cuenta información de depuración
  AreaAlberca.vcxproj -> C:\Users\mardl\Desktop\proyectoGrafica_251\Alberca\AreaAlberca\Debug\AreaAlberca.exe
